Microsoft Windows [版本 10.0.17763.1697]
(c) 2018 Microsoft Corporation。保留所有权利。

C:\Users\509819>d:

D:\>cd projects

D:\projects>mvn archetype:generate
[INFO] Scanning for projects...
[INFO]
[INFO] ------------------< org.apache.maven:standalone-pom >-------------------
[INFO] Building Maven Stub Project (No POM) 1
[INFO] --------------------------------[ pom ]---------------------------------
[INFO]
[INFO] >>> maven-archetype-plugin:3.2.0:generate (default-cli) > generate-sources @ standalone-pom >>>
[INFO]
[INFO] <<< maven-archetype-plugin:3.2.0:generate (default-cli) < generate-sources @ standalone-pom <<<
[INFO]
[INFO]
[INFO] --- maven-archetype-plugin:3.2.0:generate (default-cli) @ standalone-pom ---
[INFO] Generating project in Interactive mode
[WARNING] No archetype found in remote catalog. Defaulting to internal catalog
[INFO] No archetype defined. Using maven-archetype-quickstart (org.apache.maven.archetypes:maven-archetype-quickstart:1.0)
Choose archetype:
1: internal -> org.apache.maven.archetypes:maven-archetype-archetype (An archetype which contains a sample archetype.)
2: internal -> org.apache.maven.archetypes:maven-archetype-j2ee-simple (An archetype which contains a simplifed sample J2EE application.)
3: internal -> org.apache.maven.archetypes:maven-archetype-plugin (An archetype which contains a sample Maven plugin.)
4: internal -> org.apache.maven.archetypes:maven-archetype-plugin-site (An archetype which contains a sample Maven plugin site.
      This archetype can be layered upon an existing Maven plugin project.)
5: internal -> org.apache.maven.archetypes:maven-archetype-portlet (An archetype which contains a sample JSR-268 Portlet.)
6: internal -> org.apache.maven.archetypes:maven-archetype-profiles ()
7: internal -> org.apache.maven.archetypes:maven-archetype-quickstart (An archetype which contains a sample Maven project.)
8: internal -> org.apache.maven.archetypes:maven-archetype-site (An archetype which contains a sample Maven site which demonstrates
      some of the supported document types like APT, XDoc, and FML and demonstrates how
      to i18n your site. This archetype can be layered upon an existing Maven project.)
9: internal -> org.apache.maven.archetypes:maven-archetype-site-simple (An archetype which contains a sample Maven site.)
10: internal -> org.apache.maven.archetypes:maven-archetype-webapp (An archetype which contains a sample Maven Webapp project.)
Choose a number or apply filter (format: [groupId:]artifactId, case sensitive contains): 7:
Define value for property 'groupId': com.kye
Define value for property 'artifactId': wiremock-demo
Define value for property 'version' 1.0-SNAPSHOT: :
Define value for property 'package' com.kye: :
Confirm properties configuration:
groupId: com.kye
artifactId: wiremock-demo
version: 1.0-SNAPSHOT
package: com.kye
 Y: :
[INFO] ----------------------------------------------------------------------------
[INFO] Using following parameters for creating project from Old (1.x) Archetype: maven-archetype-quickstart:1.1
[INFO] ----------------------------------------------------------------------------
[INFO] Parameter: basedir, Value: D:\projects
[INFO] Parameter: package, Value: com.kye
[INFO] Parameter: groupId, Value: com.kye
[INFO] Parameter: artifactId, Value: wiremock-demo
[INFO] Parameter: packageName, Value: com.kye
[INFO] Parameter: version, Value: 1.0-SNAPSHOT
[INFO] project created from Old (1.x) Archetype in dir: D:\projects\wiremock-demo
[INFO] ------------------------------------------------------------------------
[INFO] BUILD SUCCESS
[INFO] ------------------------------------------------------------------------
[INFO] Total time:  34.513 s
[INFO] Finished at: 2021-06-26T10:47:48+08:00
[INFO] ------------------------------------------------------------------------

D:\projects>cd wiremock-demo

D:\projects\wiremock-demo>mvn test
[INFO] Scanning for projects...
[INFO]
[INFO] -----------------------< com.kye:wiremock-demo >------------------------
[INFO] Building wiremock-demo 1.0-SNAPSHOT
[INFO] --------------------------------[ jar ]---------------------------------
[INFO]
[INFO] --- maven-resources-plugin:2.6:resources (default-resources) @ wiremock-demo ---
[INFO] Using 'UTF-8' encoding to copy filtered resources.
[INFO] skip non existing resourceDirectory D:\projects\wiremock-demo\src\main\resources
[INFO]
[INFO] --- maven-compiler-plugin:3.1:compile (default-compile) @ wiremock-demo ---
[INFO] Changes detected - recompiling the module!
[INFO] Compiling 1 source file to D:\projects\wiremock-demo\target\classes
[INFO]
[INFO] --- maven-resources-plugin:2.6:testResources (default-testResources) @ wiremock-demo ---
[INFO] Using 'UTF-8' encoding to copy filtered resources.
[INFO] skip non existing resourceDirectory D:\projects\wiremock-demo\src\test\resources
[INFO]
[INFO] --- maven-compiler-plugin:3.1:testCompile (default-testCompile) @ wiremock-demo ---
[INFO] Changes detected - recompiling the module!
[INFO] Compiling 1 source file to D:\projects\wiremock-demo\target\test-classes
[INFO]
[INFO] --- maven-surefire-plugin:2.12.4:test (default-test) @ wiremock-demo ---
[INFO] Surefire report directory: D:\projects\wiremock-demo\target\surefire-reports

-------------------------------------------------------
 T E S T S
-------------------------------------------------------
Running com.kye.AppTest
Tests run: 1, Failures: 0, Errors: 0, Skipped: 0, Time elapsed: 0.012 sec

Results :

Tests run: 1, Failures: 0, Errors: 0, Skipped: 0

[INFO] ------------------------------------------------------------------------
[INFO] BUILD SUCCESS
[INFO] ------------------------------------------------------------------------
[INFO] Total time:  3.029 s
[INFO] Finished at: 2021-06-26T10:48:23+08:00
[INFO] ------------------------------------------------------------------------

D:\projects\wiremock-demo>